<table class="highlighttable"><tr><td class="linenos"><div class="linenodiv"><pre> 1
 2
 3
 4
 5
 6
 7
 8
 9
10
11
12
13
14
15
16
17
18
19
20
21</pre></div></td><td class="code"><div class="highlight"><pre><span></span><span class="o">&lt;?</span><span class="nx">php</span>

<span class="kr">class</span> <span class="nx">Foo</span>
<span class="p">{</span>
    <span class="kr">const</span> <span class="nx">TEST_CONST</span> <span class="o">=</span> <span class="mi">1</span><span class="p">;</span>

    <span class="kr">public</span> <span class="kr">static</span> <span class="nx">$staticProperty</span> <span class="o">=</span> <span class="kc">null</span><span class="p">;</span>

    <span class="kr">public</span> <span class="nx">$property</span> <span class="o">=</span> <span class="kc">null</span><span class="p">;</span>

    <span class="kr">public</span> <span class="kr">static</span> <span class="kd">function</span> <span class="nx">staticMethod</span><span class="p">()</span>
    <span class="p">{</span>
        <span class="k">return</span> <span class="k">new</span> <span class="kr">static</span><span class="p">();</span>
    <span class="p">}</span>

    <span class="kr">public</span> <span class="kd">function</span> <span class="nx">method</span><span class="p">()</span>
    <span class="p">{</span>
        <span class="k">return</span> <span class="nx">$this</span><span class="p">;</span>
    <span class="p">}</span>

<span class="p">}</span>
</pre></div>
</td></tr></table>